HI-TECH Software C Compiler 

Linker command line:

\
  --edf=C:\Program Files (x86)\HI-TECH Software\PICC-18\PRO\9.63\dat\en_msgs.txt \
  -cs -h+drum_machine.sym -z -Q18F4620 -ol.obj -Mdrum_machine.map -E1 \
  -ACODE=0800h-0FFFFh -ACONST=00h-0FFFFh -ASMALLCONST=01000h-010FFhx240 \
  -AMEDIUMCONST=01000h-0FFFFh -ARAM=00h-0FFhx15,0F00h-0F7Fh \
  -ABIGRAM=00h-0F7Fh -ACOMRAM=00h-07Fh -AABS1=00h-0F7Fh -ABANK0=00h-0FFh \
  -ABANK1=0100h-01FFh -ABANK2=0200h-02FFh -ABANK3=0300h-03FFh \
  -ABANK4=0400h-04FFh -ABANK5=0500h-05FFh -ABANK6=0600h-06FFh \
  -ABANK7=0700h-07FFh -ABANK8=0800h-08FFh -ABANK9=0900h-09FFh \
  -ABANK10=0A00h-0AFFh -ABANK11=0B00h-0BFFh -ABANK12=0C00h-0CFFh \
  -ABANK13=0D00h-0DFFh -ABANK14=0E00h-0EFFh -ABANK15=0F00h-0F7Fh \
  -ANVRAM=0F00h-0F7Fh \
  -preset_vec=0800h,intcode=0808h,intcodelo,powerup,init,end_init \
  -pramtop=01000h -psmallconst=SMALLCONST -pmediumconst=MEDIUMCONST \
  -pconst=CONST -pparam1=BANK1 -AFARRAM=00h-00h -ACONFIG=0300000h-030000Dh \
  -pconfig=CONFIG -AIDLOC=0200000h-0200007h -pidloc=IDLOC \
  -AEEDATA=0F00000h-0F003FFh -peeprom_data=EEDATA \
  -prdata=COMRAM,nvrram=COMRAM,nvbit=COMRAM,rbss=COMRAM,rbit=COMRAM \
  -pfarbss=FARRAM,fardata=FARRAM \
  -pintsave_regs=BIGRAM,bigbss=BIGRAM,bigdata=BIGRAM -pbss=RAM \
  -pidata=CODE,irdata=CODE,ibigdata=CODE,ifardata=CODE \
  C:\Users\anton\AppData\Local\Temp\sqd4.obj drum_machine.obj 

Object code version is 3.10

Machine type is 18F4620

Call graph: (short form)

*_main size 0,3 offset 0
     _lcd_init size 1,1 offset 3
         _lcd_inst size 1,1 offset 5
             _lcd_strobe size 0,0 offset 23
                 _lcd_pause size 0,2 offset 23
             _wait_ms size 2,4 offset 7
         _wait_ms size 2,4 offset 7
     _lcd_move size 2,0 offset 3
         _lcd_inst size 1,1 offset 5
     _lcd_print size 2,0 offset 3
         _lcd_write size 1,1 offset 21
             _lcd_strobe size 0,0 offset 23
     _wait_ms size 2,4 offset 7
     _audio_pwm_init size 0,1 offset 3
         _pwm_set_midpoint size 0,0 offset 4
             _pwm_set_duty_ccp1 size 2,2 offset 4
             _pwm_set_duty_ccp2 size 2,2 offset 4
     _audio_tick_init size 0,1 offset 3
         _timer0_load size 0,0 offset 4
     _update_step_timing size 0,4 offset 3
         ___lmul size 8,4 offset 7
         ___lldiv size 8,6 offset 7
     _init_demo_pattern size 0,2 offset 3
*    _lcd_out size 6,12 offset 3
         _lcd_write size 1,1 offset 21
         ___almod size 8,3 offset 21
*        ___aldiv size 8,7 offset 21

Estimated maximum call depth: 4

*intlevel2 size 0,0 offset 36
*    _IntServe size 0,13 offset 36
         i2_timer0_load size 0,0 offset 49
*        _update_audio_output size 0,10 offset 49
*            ___wmul size 4,2 offset 59
             _clamp_audio size 2,0 offset 59
             _to_pwm_duty size 2,0 offset 59
             i2_pwm_set_duty_ccp1 size 2,2 offset 59
             i2_pwm_set_duty_ccp2 size 2,2 offset 59

Estimated maximum call depth: 3


                Name          Link     Load   Length Selector Space Scale
C:\Users\anton\AppData\Local\Temp\sqd4.obj
                end_init       838      838       2C     404     0
                init           818      818       20     404     0
                reset_vec      800      800        4     400     0
drum_machine.obj
                intcode        808      808       10     404     0
                idata         103C     103C        A     81E     0
                smallcons     1000     1000       3C     800     0
                text23        13E2     13E2      250     81E     0
                text25        21E6     21E6       76     81E     0
                text24        259C     259C        A     81E     0
                text22        1B06     1B06      174     81E     0
                text19        225C     225C       76     81E     0
                text18        2588     2588       14     81E     0
                text21        24D2     24D2       36     81E     0
                text20        20F2     20F2       7E     81E     0
                text27        2554     2554       1E     81E     0
                text26        2170     2170       76     81E     0
                text29        23AE     23AE       5C     81E     0
                text28        2348     2348       66     81E     0
                text17        22D2     22D2       76     81E     0
                text5         1E62     1E62       C2     81E     0
                text4         2572     2572       16     81E     0
                text7         17F6     17F6      188     81E     0
                text6         1D90     1D90       D2     81E     0
                text3         252E     252E       26     81E     0
                text0         1046     1046      39C     81E     0
                text2         206E     206E       84     81E     0
                text1         2458     2458       3E     81E     0
                text14        2496     2496       3C     81E     0
                text13        1FCA     1FCA       A4     81E     0
                text16        2508     2508       26     81E     0
                text15        240A     240A       4E     81E     0
                text12        197E     197E      188     81E     0
                text9         1632     1632      1C4     81E     0
                text8         1F24     1F24       A6     81E     0
                text11        1C7A     1C7A      116     81E     0
                text10        25A6     25A6        A     81E     0

COMMON          param1         100      100       41     100     1

TOTAL           Name          Link     Load   Length  Space
        CLASS   CODE           
                end_init       838      838       2C     0
                intcode        808      808       10     0
                init           818      818       20     0
                idata         103C     103C        A     0
                reset_vec      800      800        4     0
                text23        13E2     13E2      250     0
                text25        21E6     21E6       76     0
                text24        259C     259C        A     0
                text22        1B06     1B06      174     0
                text19        225C     225C       76     0
                text18        2588     2588       14     0
                text21        24D2     24D2       36     0
                text20        20F2     20F2       7E     0
                text27        2554     2554       1E     0
                text26        2170     2170       76     0
                text29        23AE     23AE       5C     0
                text28        2348     2348       66     0
                text17        22D2     22D2       76     0
                text5         1E62     1E62       C2     0
                text4         2572     2572       16     0
                text7         17F6     17F6      188     0
                text6         1D90     1D90       D2     0
                text3         252E     252E       26     0
                text0         1046     1046      39C     0
                text2         206E     206E       84     0
                text1         2458     2458       3E     0
                text14        2496     2496       3C     0
                text13        1FCA     1FCA       A4     0
                text16        2508     2508       26     0
                text15        240A     240A       4E     0
                text12        197E     197E      188     0
                text9         1632     1632      1C4     0
                text8         1F24     1F24       A6     0
                text11        1C7A     1C7A      116     0
                text10        25A6     25A6        A     0

        CLASS   CONST          

        CLASS   SMALLCONST     
                smallcons     1000     1000       3C     0

        CLASS   MEDIUMCONST    

        CLASS   RAM            

        CLASS   BIGRAM         

        CLASS   COMRAM         

        CLASS   ABS1           
                abs_s1           0        0       82     1

        CLASS   BANK0          

        CLASS   BANK1          
                param1         100      100       41     1

        CLASS   BANK2          

        CLASS   BANK3          

        CLASS   BANK4          

        CLASS   BANK5          

        CLASS   BANK6          

        CLASS   BANK7          

        CLASS   BANK8          

        CLASS   BANK9          

        CLASS   BANK10         

        CLASS   BANK11         

        CLASS   BANK12         

        CLASS   BANK13         

        CLASS   BANK14         

        CLASS   BANK15         

        CLASS   NVRAM          

        CLASS   FARRAM         

        CLASS   CONFIG         

        CLASS   IDLOC          

        CLASS   EEDATA         



SEGMENTS        Name           Load    Length   Top     Selector    Space Class

                param1          000100  000041  000141       100       1  BANK1   
                reset_vec       000800  000004  000804       400       0  CODE    
                intcode         000808  00005C  000864       404       0  CODE    
                smallconst      001000  00003C  00103C       800       0  SMALLCON
                idata           00103C  001574  0025B0       81E       0  CODE    


UNUSED ADDRESS RANGES

        BANK0            000082-0000FF
        BANK1            000141-0001FF
        BANK10           000A00-000AFF
        BANK11           000B00-000BFF
        BANK12           000C00-000CFF
        BANK13           000D00-000DFF
        BANK14           000E00-000EFF
        BANK15           000F00-000F7F
        BANK2            000200-0002FF
        BANK3            000300-0003FF
        BANK4            000400-0004FF
        BANK5            000500-0005FF
        BANK6            000600-0006FF
        BANK7            000700-0007FF
        BANK8            000800-0008FF
        BANK9            000900-0009FF
        BIGRAM           000082-0000FF
                         000141-000F7F
        CODE             000804-000807
                         000864-000FFF
                         0025B0-00FFFF
        CONFIG           300000-30000D
        CONST            000000-0007FF
                         000804-000807
                         000864-000FFF
                         0025B0-00FFFF
        EEDATA           F00000-F003FF
        FARRAM           000000-000000
        IDLOC            200000-200007
        MEDIUMCONST      0025B0-00FFFF
        NVRAM            000F00-000F7F
        RAM              000082-0000FF
                         000141-000F7F
        SMALLCONST       0025B0-00FFFF

                                  Symbol Table

??_IntServe                     param1       000124
??___aldiv                      param1       00011D
??___almod                      param1       00011D
??___lldiv                      param1       00010F
??___lmul                       param1       00010F
??___wmul                       param1       00013F
??_audio_pwm_init               param1       000103
??_audio_tick_init              param1       000103
??_clamp_audio                  param1       00013D
??_init_demo_pattern            param1       000103
??_lcd_init                     param1       000104
??_lcd_inst                     param1       000106
??_lcd_move                     param1       000105
??_lcd_out                      param1       000109
??_lcd_pause                    param1       000117
??_lcd_print                    param1       000105
??_lcd_strobe                   param1       000117
??_lcd_write                    param1       000116
??_main                         param1       000100
??_pwm_set_duty_ccp1            param1       000106
??_pwm_set_duty_ccp2            param1       000106
??_pwm_set_midpoint             param1       000104
??_timer0_load                  param1       000104
??_to_pwm_duty                  param1       00013D
??_update_audio_output          param1       000131
??_update_step_timing           param1       000103
??_wait_ms                      param1       000109
??i2_pwm_set_duty_ccp1          param1       00013D
??i2_pwm_set_duty_ccp2          param1       00013D
??i2_timer0_load                param1       000131
?_IntServe                      param1       000124
?___aldiv                       param1       000115
?___almod                       param1       000115
?___lldiv                       param1       000107
?___lmul                        param1       000107
?___wmul                        param1       00013B
?_audio_pwm_init                param1       000103
?_audio_tick_init               param1       000103
?_clamp_audio                   param1       00013B
?_init_demo_pattern             param1       000103
?_lcd_init                      param1       000103
?_lcd_inst                      param1       000105
?_lcd_move                      param1       000103
?_lcd_out                       param1       000103
?_lcd_pause                     param1       000117
?_lcd_print                     param1       000103
?_lcd_strobe                    param1       000117
?_lcd_write                     param1       000115
?_main                          param1       000100
?_pwm_set_duty_ccp1             param1       000104
?_pwm_set_duty_ccp2             param1       000104
?_pwm_set_midpoint              param1       000104
?_timer0_load                   param1       000104
?_to_pwm_duty                   param1       00013B
?_update_audio_output           param1       000131
?_update_step_timing            param1       000103
?_wait_ms                       param1       000107
?i2_pwm_set_duty_ccp1           param1       00013B
?i2_pwm_set_duty_ccp2           param1       00013B
?i2_timer0_load                 param1       000131
F1519                           (abs)        00007E
_ADCON1                         (abs)        000FC1
_CCP1CON                        (abs)        000FBD
_CCP2CON                        (abs)        000FBA
_CCPR1L                         (abs)        000FBE
_CCPR2L                         (abs)        000FBB
_DC1B0                          (abs)        007DEC
_DC1B1                          (abs)        007DED
_DC2B0                          (abs)        007DD4
_DC2B1                          (abs)        007DD5
_GIE                            (abs)        007F97
_IntServe                       text22       001B06
_PEIE                           (abs)        007F96
_PORTD                          (abs)        000F83
_PR2                            (abs)        000FCB
_RD1                            (abs)        007C19
_RD2                            (abs)        007C1A
_RD3                            (abs)        007C1B
_T0CON                          (abs)        000FD5
_T2CON                          (abs)        000FCA
_TMR0H                          (abs)        000FD7
_TMR0IE                         (abs)        007F95
_TMR0IF                         (abs)        007F92
_TMR0L                          (abs)        000FD6
_TRISA                          (abs)        000F92
_TRISB                          (abs)        000F93
_TRISC                          (abs)        000F94
_TRISD                          (abs)        000F95
_TRISE                          (abs)        000F96
_TRMT                           (abs)        007D61
_TXREG                          (abs)        000FAD
__Bnvbit                        nvbit        00007F
__Brbit                         rbit         00007F
__HRAM                          (abs)        000000
__Habsbss0                      (abs)        000078
__Hbigbss                       bigbss       000141
__Hbigdata                      bigdata      000141
__Hbss                          bss          000082
__Hclrtext                      clrtext      001046
__Hconfig                       config       300000
__Hconst                        const        00103C
__Hdata                         data         001046
__Hdata0                        (abs)        000082
__Heeprom_data                  eeprom_data  F00000
__Hend_init                     end_init     000864
__Hfarbss                       farbss       000000
__Hfardata                      fardata      000000
__Hibigdata                     ibigdata     001046
__Hidata                        idata        001046
__Hidloc                        idloc        200000
__Hifardata                     ifardata     001046
__Hinit                         init         000838
__Hintcode                      intcode      000818
__Hintcodelo                    intcodelo    000818
__Hintentry                     intentry     001046
__Hintret                       intret       001046
__Hintsave_regs                 intsave_regs 000141
__Hirdata                       irdata       001046
__Hmediumconst                  mediumconst  00103C
__Hnvbit                        nvbit        0003F8
__Hnvram                        nvram        001046
__Hnvrram                       nvrram       00007F
__Hparam                        param1       000141
__Hparam0                       param0       001046
__Hparam1                       param1       000141
__Hparam10                      param10      001046
__Hparam11                      param11      001046
__Hparam12                      param12      001046
__Hparam13                      param13      001046
__Hparam14                      param14      001046
__Hparam15                      param15      001046
__Hparam2                       param2       001046
__Hparam3                       param3       001046
__Hparam4                       param4       001046
__Hparam5                       param5       001046
__Hparam6                       param6       001046
__Hparam7                       param7       001046
__Hparam8                       param8       001046
__Hparam9                       param9       001046
__Hpowerup                      powerup      000818
__Hramtop                       ramtop       001000
__Hrbit                         rbit         0003F8
__Hrbss                         rbss         00007F
__Hrdata                        rdata        00007F
__Hreset_vec                    reset_vec    000804
__Hrparam                       rparam       001046
__Hsmallconst                   smallconst   00103C
__Hstruct                       struct       00007F
__Htemp                         temp         00007F
__Htext                         text         001046
__Htext0                        text0        001046
__Htext1                        text1        001046
__Htext10                       text10       001046
__Htext11                       text11       001046
__Htext12                       text12       001046
__Htext13                       text13       001046
__Htext14                       text14       001046
__Htext15                       text15       001046
__Htext16                       text16       001046
__Htext17                       text17       001046
__Htext18                       text18       001046
__Htext19                       text19       001046
__Htext2                        text2        001046
__Htext20                       text20       001046
__Htext21                       text21       001046
__Htext22                       text22       001046
__Htext23                       text23       001046
__Htext24                       text24       001046
__Htext25                       text25       001046
__Htext26                       text26       001046
__Htext27                       text27       001046
__Htext28                       text28       001046
__Htext29                       text29       001046
__Htext3                        text3        001046
__Htext30                       text30       001046
__Htext4                        text4        001046
__Htext5                        text5        001046
__Htext6                        text6        001046
__Htext7                        text7        001046
__Htext8                        text8        001046
__Htext9                        text9        001046
__LRAM                          (abs)        000001
__Labsbss0                      (abs)        000000
__Lbigbss                       bigbss       000141
__Lbigdata                      bigdata      000141
__Lbss                          bss          000082
__Lclrtext                      clrtext      001046
__Lconfig                       config       300000
__Lconst                        const        00103C
__Ldata                         (abs)        000078
__Ldata0                        (abs)        000078
__Leeprom_data                  eeprom_data  F00000
__Lend_init                     end_init     000838
__Lfarbss                       farbss       000000
__Lfardata                      fardata      000000
__Libigdata                     ibigdata     001046
__Lidata                        idata        00103C
__Lidloc                        idloc        200000
__Lifardata                     ifardata     001046
__Linit                         init         000818
__Lintcode                      intcode      000808
__Lintcodelo                    intcodelo    000818
__Lintentry                     intentry     001046
__Lintret                       intret       001046
__Lintsave_regs                 intsave_regs 000141
__Lirdata                       irdata       001046
__Lmediumconst                  mediumconst  00103C
__Lnvbit                        nvbit        0003F8
__Lnvram                        nvram        001046
__Lnvrram                       nvrram       00007F
__Lparam                        param1       000100
__Lparam0                       param0       001046
__Lparam1                       param1       000100
__Lparam10                      param10      001046
__Lparam11                      param11      001046
__Lparam12                      param12      001046
__Lparam13                      param13      001046
__Lparam14                      param14      001046
__Lparam15                      param15      001046
__Lparam2                       param2       001046
__Lparam3                       param3       001046
__Lparam4                       param4       001046
__Lparam5                       param5       001046
__Lparam6                       param6       001046
__Lparam7                       param7       001046
__Lparam8                       param8       001046
__Lparam9                       param9       001046
__Lpowerup                      powerup      000818
__Lramtop                       ramtop       001000
__Lrbit                         rbit         0003F8
__Lrbss                         rbss         00007F
__Lrdata                        rdata        00007F
__Lreset_vec                    reset_vec    000800
__Lrparam                       rparam       001046
__Lsmallconst                   smallconst   001000
__Lstruct                       struct       00007F
__Ltemp                         temp         00007F
__Ltext                         text         001046
__Ltext0                        text0        001046
__Ltext1                        text1        001046
__Ltext10                       text10       001046
__Ltext11                       text11       001046
__Ltext12                       text12       001046
__Ltext13                       text13       001046
__Ltext14                       text14       001046
__Ltext15                       text15       001046
__Ltext16                       text16       001046
__Ltext17                       text17       001046
__Ltext18                       text18       001046
__Ltext19                       text19       001046
__Ltext2                        text2        001046
__Ltext20                       text20       001046
__Ltext21                       text21       001046
__Ltext22                       text22       001046
__Ltext23                       text23       001046
__Ltext24                       text24       001046
__Ltext25                       text25       001046
__Ltext26                       text26       001046
__Ltext27                       text27       001046
__Ltext28                       text28       001046
__Ltext29                       text29       001046
__Ltext3                        text3        001046
__Ltext30                       text30       001046
__Ltext4                        text4        001046
__Ltext5                        text5        001046
__Ltext6                        text6        001046
__Ltext7                        text7        001046
__Ltext8                        text8        001046
__Ltext9                        text9        001046
__S0                            (abs)        F00000
__S1                            (abs)        000F00
___aldiv                        text9        001632
___aldiv@counter                param1       00011D
___aldiv@dividend               param1       000115
___aldiv@divisor                param1       000119
___aldiv@quotient               param1       00011F
___aldiv@sign                   param1       00011E
___almod                        text12       00197E
___almod@counter                param1       00011E
___almod@dividend               param1       000115
___almod@divisor                param1       000119
___almod@sign                   param1       00011D
___lldiv                        text11       001C7A
___lldiv@counter                param1       00010F
___lldiv@dividend               param1       000107
___lldiv@divisor                param1       00010B
___lldiv@quotient               param1       000110
___lmul                         text13       001FCA
___lmul@multiplicand            param1       00010B
___lmul@multiplier              param1       000107
___lmul@product                 param1       00010F
___wmul                         text28       002348
___wmul@multiplicand            param1       00013D
___wmul@multiplier              param1       00013B
___wmul@product                 param1       00013F
__accesstop                     (abs)        000080
__activetblptr                  (abs)        000001
__end_of_IntServe               text22       001C7A
__end_of___aldiv                text9        0017F6
__end_of___almod                text12       001B06
__end_of___lldiv                text11       001D90
__end_of___lmul                 text13       00206E
__end_of___wmul                 text28       0023AE
__end_of_audio_pwm_init         text3        002554
__end_of_audio_tick_init        text4        002588
__end_of_clamp_audio            text29       00240A
__end_of_init_demo_pattern      text8        001FCA
__end_of_lcd_init               text6        001E62
__end_of_lcd_inst               text15       002458
__end_of_lcd_move               text2        0020F2
__end_of_lcd_out                text7        00197E
__end_of_lcd_pause              text21       002508
__end_of_lcd_print              text1        002496
__end_of_lcd_strobe             text18       00259C
__end_of_lcd_write              text14       0024D2
__end_of_main                   text0        0013E2
__end_of_pwm_set_duty_ccp1      text19       0022D2
__end_of_pwm_set_duty_ccp2      text17       002348
__end_of_pwm_set_midpoint       text16       00252E
__end_of_timer0_load            text10       0025B0
__end_of_to_pwm_duty            text27       002572
__end_of_update_audio_output    text23       001632
__end_of_update_step_timing     text5        001F24
__end_of_wait_ms                text20       002170
__end_ofi2_pwm_set_duty_ccp1    text25       00225C
__end_ofi2_pwm_set_duty_ccp2    text26       0021E6
__end_ofi2_timer0_load          text24       0025A6
__mediumconst                   mediumconst  00103C
__ramtop                        ramtop       001000
__smallconst                    smallconst   001000
_audio_pwm_init                 text3        00252E
_audio_tick_init                text4        002572
_clamp_audio                    text29       0023AE
_exit                           init         000818
_g_audio_ticks                  (abs)        00006A
_g_bpm                          (abs)        000078
_g_hihat_env                    (abs)        00006E
_g_hihat_pattern                (abs)        00004A
_g_hihat_trigger                (abs)        000006
_g_kick_counter                 (abs)        000004
_g_kick_env                     (abs)        000002
_g_kick_half_period             (abs)        00007A
_g_kick_pattern                 (abs)        00002A
_g_kick_polarity                (abs)        00007F
_g_kick_trigger                 (abs)        000009
_g_noise_lfsr                   (abs)        00007C
_g_pattern_steps                (abs)        000080
_g_samples_per_step             (abs)        000074
_g_snare_env                    (abs)        000000
_g_snare_pattern                (abs)        00000A
_g_snare_trigger                (abs)        000008
_g_step                         (abs)        000007
_g_step_accum                   (abs)        000070
_g_steps_per_quarter            (abs)        000081
_init_demo_pattern              text8        001F24
_lcd_init                       text6        001D90
_lcd_inst                       text15       00240A
_lcd_move                       text2        00206E
_lcd_out                        text7        0017F6
_lcd_pause                      text21       0024D2
_lcd_print                      text1        002458
_lcd_strobe                     text18       002588
_lcd_write                      text14       002496
_main                           text0        001046
_pwm_set_duty_ccp1              text19       00225C
_pwm_set_duty_ccp2              text17       0022D2
_pwm_set_midpoint               text16       002508
_timer0_load                    text10       0025A6
_to_pwm_duty                    text27       002554
_update_audio_output            text23       0013E2
_update_step_timing             text5        001E62
_wait_ms                        text20       0020F2
clamp_audio@x                   param1       00013B
i2_pwm_set_duty_ccp1            text25       0021E6
i2_pwm_set_duty_ccp2            text26       002170
i2_timer0_load                  text24       00259C
i2pwm_set_duty_ccp1@duty10      param1       00013B
i2pwm_set_duty_ccp2@duty10      param1       00013B
init_demo_pattern@i             param1       000103
int_func                        intcode      000808
intlevel0                       text         0025B0
intlevel1                       text         0025B0
intlevel2                       text         0025B0
intlevel3                       text         0025B0
lcd_init@mode                   param1       000103
lcd_inst@c                      param1       000105
lcd_move@col                    param1       000104
lcd_move@row                    param1       000103
lcd_out@a                       param1       00010A
lcd_out@d                       param1       000107
lcd_out@data                    param1       000103
lcd_out@i                       param1       000109
lcd_out@n                       param1       000108
lcd_pause@x                     param1       000117
lcd_print@msg                   param1       000103
lcd_write@c                     param1       000115
main@current_step               param1       000100
pwm_set_duty_ccp1@duty10        param1       000104
pwm_set_duty_ccp2@duty10        param1       000104
start                           init         000818
to_pwm_duty@sample              param1       00013B
update_audio_output@drum_sample param1       000133
update_audio_output@noise       param1       000131
update_step_timing@denom        param1       000103
wait_ms@i                       param1       000109
wait_ms@j                       param1       00010B
wait_ms@x                       param1       000107
